[2026-08-16 12:55:39] 初始启动服务...
[2026-08-16 12:55:40]   ✓ WebDAV 启动 (PID: 31803)
[2026-08-16 12:55:44]   ✓ 中继启动 (PID: 31816)
[2026-08-16 12:55:44] ============================================
[12:55:44] ============================================
[2026-08-16 12:55:44]   XiaoMiaoOS 守护进程启动
[12:55:44]   XiaoMiaoOS 守护进程启动
[2026-08-16 12:55:44]   检查间隔: 30s (进程) / 60s (隧道)
[12:55:44]   检查间隔: 30s (进程) / 60s (隧道)
[2026-08-16 12:55:44] ============================================
[12:55:44] ============================================
[2026-08-16 12:57:29] [!] 沙盒隧道离线，等待自动重连...
[12:57:29] [!] 沙盒隧道离线，等待自动重连...
[2026-08-16 13:03:40] 初始启动服务...
[2026-08-16 13:03:41]   ✓ WebDAV 启动 (PID: 1702)
[2026-08-16 13:03:44]   ✓ 中继启动 (PID: 1736)
[2026-08-16 13:03:44] ============================================
[13:03:44] ============================================
[2026-08-16 13:03:44]   XiaoMiaoOS 守护进程启动
[13:03:44]   XiaoMiaoOS 守护进程启动
[2026-08-16 13:03:45]   检查间隔: 30s (进程) / 300s (隧道)
[13:03:45]   检查间隔: 30s (进程) / 300s (隧道)
[2026-08-16 13:03:45] ============================================
[13:03:45] ============================================
[2026-08-16 13:11:43] 初始启动服务...
[2026-08-16 13:11:44]   ✓ WebDAV 启动 (PID: 6430)
[2026-08-16 13:11:47]   ✓ 中继启动 (PID: 6491)
[2026-08-16 13:11:48] ============================================
[13:11:48] ============================================
[2026-08-16 13:11:48]   XiaoMiaoOS 守护进程启动
[13:11:48]   XiaoMiaoOS 守护进程启动
[2026-08-16 13:11:48]   检查间隔: 30s (进程) / 300s (隧道)
[13:11:48]   检查间隔: 30s (进程) / 300s (隧道)
[2026-08-16 13:11:48] ============================================
[13:11:48] ============================================
[2026-08-16 13:11:48] [!] 沙盒代理进程不存在，重启...
[13:11:48] [!] 沙盒代理进程不存在，重启...
[2026-08-16 13:12:18] [!] 沙盒代理进程不存在，重启...
[13:12:18] [!] 沙盒代理进程不存在，重启...
[2026-08-16 13:12:48] [!] 沙盒代理进程不存在，重启...
[13:12:48] [!] 沙盒代理进程不存在，重启...
[2026-08-16 13:13:18] [!] 沙盒代理进程不存在，重启...
[13:13:18] [!] 沙盒代理进程不存在，重启...
[2026-08-16 13:15:30] [!] 沙盒代理进程不存在，重启...
[13:15:30] [!] 沙盒代理进程不存在，重启...
[2026-08-16 13:15:48] 初始启动服务...
[2026-08-16 13:15:49]   ✓ WebDAV 启动 (PID: 7846)
[2026-08-16 13:15:53]   ✓ 中继启动 (PID: 7861)
[2026-08-16 13:15:55]   ✓ 沙盒代理启动 (PID: 7887, 端口 8081)
[2026-08-16 13:15:55] ============================================
[13:15:55] ============================================
[2026-08-16 13:15:55]   XiaoMiaoOS 守护进程启动
[13:15:55]   XiaoMiaoOS 守护进程启动
[2026-08-16 13:15:55]   检查间隔: 30s (进程) / 300s (隧道)
[13:15:55]   检查间隔: 30s (进程) / 300s (隧道)
[2026-08-16 13:15:55] ============================================
[13:15:55] ============================================
[2026-08-16 13:15:55] [!] 沙盒代理进程不存在，重启...
[13:15:55] [!] 沙盒代理进程不存在，重启...
[2026-08-16 13:15:56]   ✓ 沙盒代理启动 (PID: 7887, 端口 8081)
[13:15:56]   ✓ 沙盒代理启动 (PID: 7887, 端口 8081)
[2026-08-16 13:18:22] [!] 沙盒代理进程不存在，重启...
[13:18:22] [!] 沙盒代理进程不存在，重启...
[2026-08-16 13:18:23]   ✓ 沙盒代理启动 (PID: 7887, 端口 8081)
[13:18:24]   ✓ 沙盒代理启动 (PID: 7887, 端口 8081)
[2026-08-16 13:18:47] 初始启动服务...
[2026-08-16 13:18:48]   ✓ WebDAV 启动 (PID: 8580)
[2026-08-16 13:18:51]   ✓ 中继启动 (PID: 8598)
[2026-08-16 13:18:51] ============================================
[13:18:51] ============================================
[2026-08-16 13:18:51]   XiaoMiaoOS 守护进程启动
[13:18:51]   XiaoMiaoOS 守护进程启动
[2026-08-16 13:18:51]   检查间隔: 30s (进程) / 300s (隧道)
[13:18:51]   检查间隔: 30s (进程) / 300s (隧道)
[2026-08-16 13:18:51] ============================================
[13:18:51] ============================================
[2026-08-16 13:24:54] 初始启动服务...
[2026-08-16 13:24:55]   ✓ WebDAV 启动 (PID: 9849)
[2026-08-16 13:24:59]   ✓ 中继启动 (PID: 9864)
[2026-08-16 13:24:59] ============================================
[13:24:59] ============================================
[2026-08-16 13:24:59]   XiaoMiaoOS 守护进程启动
[13:24:59]   XiaoMiaoOS 守护进程启动
[2026-08-16 13:24:59]   检查间隔: 30s (进程) / 300s (隧道)
[13:24:59]   检查间隔: 30s (进程) / 300s (隧道)
[2026-08-16 13:24:59] ============================================
[13:24:59] ============================================
[2026-08-16 13:58:08] 初始启动服务...
[2026-08-16 13:58:09]   ✓ WebDAV 启动 (PID: 11267)
[2026-08-16 13:58:12]   ✓ 中继启动 (PID: 11291)
[2026-08-16 13:58:13] ============================================
[13:58:13] ============================================
[2026-08-16 13:58:13]   XiaoMiaoOS 守护进程启动
[13:58:13]   XiaoMiaoOS 守护进程启动
[2026-08-16 13:58:13]   检查间隔: 30s (进程) / 300s (隧道)
[13:58:13]   检查间隔: 30s (进程) / 300s (隧道)
[2026-08-16 13:58:13] ============================================
[13:58:13] ============================================
[2026-08-16 14:01:58] 初始启动服务...
[2026-08-16 14:01:59]   ✓ WebDAV 启动 (PID: 12388)
[2026-08-16 14:02:02]   ✓ 中继启动 (PID: 12407)
[2026-08-16 14:02:02] ============================================
[14:02:02] ============================================
[2026-08-16 14:02:02]   XiaoMiaoOS 守护进程启动
[14:02:02]   XiaoMiaoOS 守护进程启动
[2026-08-16 14:02:02]   检查间隔: 30s (进程) / 300s (隧道)
[14:02:02]   检查间隔: 30s (进程) / 300s (隧道)
[2026-08-16 14:02:03] ============================================
[14:02:03] ============================================
[2026-08-16 14:02:47] 初始启动服务...
[2026-08-16 14:02:48]   ✓ WebDAV 启动 (PID: 12657)
[2026-08-16 14:02:52]   ✓ 中继启动 (PID: 12687)
[2026-08-16 14:02:52] ============================================
[14:02:52] ============================================
[2026-08-16 14:02:52]   XiaoMiaoOS 守护进程启动
[14:02:52]   XiaoMiaoOS 守护进程启动
[2026-08-16 14:02:52]   检查间隔: 30s (进程) / 300s (隧道)
[14:02:52]   检查间隔: 30s (进程) / 300s (隧道)
[2026-08-16 14:02:52] ============================================
[14:02:52] ============================================
[2026-08-16 14:03:07] 初始启动服务...
[2026-08-16 14:03:08]   ✓ WebDAV 启动 (PID: 12918)
[2026-08-16 14:03:12]   ✓ 中继启动 (PID: 12933)
[2026-08-16 14:03:12] ============================================
[14:03:12] ============================================
[2026-08-16 14:03:12]   XiaoMiaoOS 守护进程启动
[14:03:12]   XiaoMiaoOS 守护进程启动
[2026-08-16 14:03:12]   检查间隔: 30s (进程) / 300s (隧道)
[14:03:12]   检查间隔: 30s (进程) / 300s (隧道)
[2026-08-16 14:03:12] ============================================
[14:03:12] ============================================
[2026-08-16 14:13:46] [✓] 沙盒隧道在线
[14:13:46] [✓] 沙盒隧道在线
[2026-08-16 14:13:47]   WebDAV: https://5c17c99e7a7408.lhr.life
[14:13:47]   WebDAV: https://5c17c99e7a7408.lhr.life
[2026-08-16 14:13:47]   中继:  https://2f24effd34f067.lhr.life
[14:13:47]   中继:  https://2f24effd34f067.lhr.life
[2026-08-16 14:33:50] 初始启动服务...
[2026-08-16 14:33:51]   ✓ WebDAV 启动 (PID: 19132)
[2026-08-16 14:33:54]   ✓ 中继启动 (PID: 19151)
[2026-08-16 14:33:54] ============================================
[14:33:54] ============================================
[2026-08-16 14:33:54]   XiaoMiaoOS 守护进程启动
[14:33:54]   XiaoMiaoOS 守护进程启动
[2026-08-16 14:33:54]   检查间隔: 30s (进程) / 300s (隧道)
[14:33:54]   检查间隔: 30s (进程) / 300s (隧道)
[2026-08-16 14:33:54] ============================================
[14:33:54] ============================================
[2026-08-16 14:38:26] [✓] 沙盒隧道在线
[14:38:26] [✓] 沙盒隧道在线
[2026-08-16 14:38:26]   WebDAV: https://f37bc730f74cd8.lhr.life
[14:38:26]   WebDAV: https://f37bc730f74cd8.lhr.life
[2026-08-16 14:38:26]   中继:  https://cc15fdd72e4f0c.lhr.life
[14:38:26]   中继:  https://cc15fdd72e4f0c.lhr.life
[2026-08-16 14:42:59] 初始启动服务...
[2026-08-16 14:43:01]   ✓ WebDAV 启动 (PID: 21010)
[2026-08-16 14:43:04]   ✓ 中继启动 (PID: 21029)
[2026-08-16 14:43:04] ============================================
[14:43:04] ============================================
[2026-08-16 14:43:04]   XiaoMiaoOS 守护进程启动
[14:43:04]   XiaoMiaoOS 守护进程启动
[2026-08-16 14:43:04]   检查间隔: 30s (进程) / 300s (隧道)
[14:43:04]   检查间隔: 30s (进程) / 300s (隧道)
[2026-08-16 14:43:04] ============================================
[14:43:04] ============================================
[2026-08-16 14:45:35] [!] WebDAV 进程不存在，重启...
[14:45:35] [!] WebDAV 进程不存在，重启...
[2026-08-16 14:45:36]   ✗ WebDAV 启动失败
[14:45:36]   ✗ WebDAV 启动失败
[2026-08-16 14:45:36] [!] 沙盒代理 (8081) 未响应
[14:45:36] [!] 沙盒代理 (8081) 未响应
[2026-08-16 14:46:06] [!] WebDAV 进程不存在，重启...
[14:46:06] [!] WebDAV 进程不存在，重启...
[2026-08-16 14:46:07]   ✗ WebDAV 启动失败
[14:46:07]   ✗ WebDAV 启动失败
[2026-08-16 14:46:07] [!] 沙盒代理 (8081) 未响应
[14:46:07] [!] 沙盒代理 (8081) 未响应
[2026-08-16 14:46:37] [!] WebDAV 进程不存在，重启...
[14:46:37] [!] WebDAV 进程不存在，重启...
[2026-08-16 14:46:39]   ✗ WebDAV 启动失败
[14:46:39]   ✗ WebDAV 启动失败
[2026-08-16 14:46:39] [!] 沙盒代理 (8081) 未响应
[14:46:39] [!] 沙盒代理 (8081) 未响应
[2026-08-16 14:47:09] [!] WebDAV 进程不存在，重启...
[14:47:09] [!] WebDAV 进程不存在，重启...
[2026-08-16 14:47:10]   ✗ WebDAV 启动失败
[14:47:10]   ✗ WebDAV 启动失败
[2026-08-16 14:47:10] [!] 沙盒代理 (8081) 未响应
[14:47:10] [!] 沙盒代理 (8081) 未响应
[2026-08-16 14:47:40] [!] WebDAV 进程不存在，重启...
[14:47:40] [!] WebDAV 进程不存在，重启...
[2026-08-16 14:47:41]   ✗ WebDAV 启动失败
[14:47:41]   ✗ WebDAV 启动失败
[2026-08-16 14:47:42] [!] 沙盒代理 (8081) 未响应
[14:47:42] [!] 沙盒代理 (8081) 未响应
[2026-08-16 14:48:13] [!] WebDAV 进程不存在，重启...
[14:48:13] [!] WebDAV 进程不存在，重启...
[2026-08-16 14:48:14]   ✗ WebDAV 启动失败
[14:48:14]   ✗ WebDAV 启动失败
[2026-08-16 14:48:15] [!] 沙盒代理 (8081) 未响应
[14:48:15] [!] 沙盒代理 (8081) 未响应
[2026-08-16 14:48:45] [!] WebDAV 进程不存在，重启...
[14:48:45] [!] WebDAV 进程不存在，重启...
[2026-08-16 14:48:46]   ✗ WebDAV 启动失败
[14:48:46]   ✗ WebDAV 启动失败
[2026-08-16 14:48:46] [!] 沙盒代理 (8081) 未响应
[14:48:46] [!] 沙盒代理 (8081) 未响应
[2026-08-16 14:49:16] [!] WebDAV 进程不存在，重启...
[14:49:16] [!] WebDAV 进程不存在，重启...
[2026-08-16 14:49:17]   ✗ WebDAV 启动失败
[14:49:17]   ✗ WebDAV 启动失败
[2026-08-16 14:49:17] [!] 沙盒代理 (8081) 未响应
[14:49:17] [!] 沙盒代理 (8081) 未响应
[2026-08-16 14:49:48] [!] WebDAV 进程不存在，重启...
[14:49:48] [!] WebDAV 进程不存在，重启...
[2026-08-16 14:49:49]   ✗ WebDAV 启动失败
[14:49:49]   ✗ WebDAV 启动失败
[2026-08-16 14:49:49] [!] 沙盒代理 (8081) 未响应
[14:49:49] [!] 沙盒代理 (8081) 未响应
[2026-08-16 14:50:19] [!] WebDAV 进程不存在，重启...
[14:50:19] [!] WebDAV 进程不存在，重启...
[2026-08-16 14:50:20]   ✗ WebDAV 启动失败
[14:50:20]   ✗ WebDAV 启动失败
[2026-08-16 14:50:20] [!] 沙盒代理 (8081) 未响应
[14:50:20] [!] 沙盒代理 (8081) 未响应
[2026-08-16 14:50:50] [!] WebDAV 进程不存在，重启...
[14:50:50] [!] WebDAV 进程不存在，重启...
[2026-08-16 14:50:52]   ✗ WebDAV 启动失败
[14:50:52]   ✗ WebDAV 启动失败
[2026-08-16 14:50:52] [!] 沙盒代理 (8081) 未响应
[14:50:52] [!] 沙盒代理 (8081) 未响应
[2026-08-16 14:51:22] [!] WebDAV 进程不存在，重启...
[14:51:22] [!] WebDAV 进程不存在，重启...
[2026-08-16 14:51:23]   ✗ WebDAV 启动失败
[14:51:23]   ✗ WebDAV 启动失败
[2026-08-16 14:51:23] [!] 沙盒代理 (8081) 未响应
[14:51:23] [!] 沙盒代理 (8081) 未响应
[2026-08-16 14:51:53] [!] WebDAV 进程不存在，重启...
[14:51:53] [!] WebDAV 进程不存在，重启...
[2026-08-16 14:51:54]   ✗ WebDAV 启动失败
[14:51:55]   ✗ WebDAV 启动失败
[2026-08-16 14:51:55] [!] 沙盒代理 (8081) 未响应
[14:51:55] [!] 沙盒代理 (8081) 未响应
[2026-08-16 14:52:25] [!] WebDAV 进程不存在，重启...
[14:52:25] [!] WebDAV 进程不存在，重启...
[2026-08-16 14:52:26]   ✗ WebDAV 启动失败
[14:52:26]   ✗ WebDAV 启动失败
[2026-08-16 14:52:26] [!] 沙盒代理 (8081) 未响应
[14:52:26] [!] 沙盒代理 (8081) 未响应
[2026-08-16 14:52:56] [!] WebDAV 进程不存在，重启...
[14:52:56] [!] WebDAV 进程不存在，重启...
[2026-08-16 14:52:57]   ✗ WebDAV 启动失败
[14:52:57]   ✗ WebDAV 启动失败
[2026-08-16 14:52:57] [!] 沙盒代理 (8081) 未响应
[14:52:57] [!] 沙盒代理 (8081) 未响应
[2026-08-16 14:53:28] [!] WebDAV 进程不存在，重启...
[14:53:28] [!] WebDAV 进程不存在，重启...
[2026-08-16 14:53:29]   ✗ WebDAV 启动失败
[14:53:29]   ✗ WebDAV 启动失败
[2026-08-16 14:53:29] [!] 中继进程不存在，重启...
[14:53:29] [!] 中继进程不存在，重启...
[2026-08-16 14:53:31]   ✗ 中继启动失败
[14:53:31]   ✗ 中继启动失败
[2026-08-16 14:53:31] [!] 沙盒代理 (8081) 未响应
[14:53:31] [!] 沙盒代理 (8081) 未响应
[2026-08-16 14:54:01] [!] WebDAV 进程不存在，重启...
[14:54:01] [!] WebDAV 进程不存在，重启...
[2026-08-16 14:54:02]   ✗ WebDAV 启动失败
[14:54:02]   ✗ WebDAV 启动失败
[2026-08-16 14:54:02] [!] 中继进程不存在，重启...
[14:54:02] [!] 中继进程不存在，重启...
[2026-08-16 14:54:03]   ✗ 中继启动失败
[14:54:03]   ✗ 中继启动失败
[2026-08-16 14:54:03] [!] 沙盒代理 (8081) 未响应
[14:54:03] [!] 沙盒代理 (8081) 未响应
[2026-08-16 14:54:34] [!] WebDAV 进程不存在，重启...
[14:54:34] [!] WebDAV 进程不存在，重启...
[2026-08-16 14:54:35]   ✗ WebDAV 启动失败
[14:54:35]   ✗ WebDAV 启动失败
[2026-08-16 14:54:35] [!] 中继进程不存在，重启...
[14:54:35] [!] 中继进程不存在，重启...
[2026-08-16 14:54:36]   ✗ 中继启动失败
[14:54:36]   ✗ 中继启动失败
[2026-08-16 14:54:36] [!] 沙盒代理 (8081) 未响应
[14:54:36] [!] 沙盒代理 (8081) 未响应
[2026-08-16 14:55:06] [!] WebDAV 进程不存在，重启...
[14:55:06] [!] WebDAV 进程不存在，重启...
[2026-08-16 14:55:07]   ✗ WebDAV 启动失败
[14:55:07]   ✗ WebDAV 启动失败
[2026-08-16 14:55:07] [!] 中继进程不存在，重启...
[14:55:07] [!] 中继进程不存在，重启...
[2026-08-16 14:55:09]   ✗ 中继启动失败
[14:55:09]   ✗ 中继启动失败
[2026-08-16 14:55:09] [!] 沙盒代理 (8081) 未响应
[14:55:09] [!] 沙盒代理 (8081) 未响应
[2026-08-16 14:55:39] [!] WebDAV 进程不存在，重启...
[14:55:39] [!] WebDAV 进程不存在，重启...
[2026-08-16 14:55:40]   ✗ WebDAV 启动失败
[14:55:40]   ✗ WebDAV 启动失败
[2026-08-16 14:55:40] [!] 中继进程不存在，重启...
[14:55:40] [!] 中继进程不存在，重启...
[2026-08-16 14:55:41]   ✗ 中继启动失败
[14:55:41]   ✗ 中继启动失败
[2026-08-16 14:55:41] [!] 沙盒代理 (8081) 未响应
[14:55:41] [!] 沙盒代理 (8081) 未响应
[2026-08-16 14:56:12] [!] WebDAV 进程不存在，重启...
[14:56:12] [!] WebDAV 进程不存在，重启...
[2026-08-16 14:56:13]   ✗ WebDAV 启动失败
[14:56:13]   ✗ WebDAV 启动失败
[2026-08-16 14:56:13] [!] 中继进程不存在，重启...
[14:56:13] [!] 中继进程不存在，重启...
[2026-08-16 14:56:14]   ✗ 中继启动失败
[14:56:14]   ✗ 中继启动失败
[2026-08-16 14:56:14] [!] 沙盒代理 (8081) 未响应
[14:56:14] [!] 沙盒代理 (8081) 未响应
[2026-08-16 14:56:44] [!] WebDAV 进程不存在，重启...
[14:56:44] [!] WebDAV 进程不存在，重启...
[2026-08-16 14:56:45]   ✗ WebDAV 启动失败
[14:56:45]   ✗ WebDAV 启动失败
[2026-08-16 14:56:46] [!] 中继进程不存在，重启...
[14:56:46] [!] 中继进程不存在，重启...
[2026-08-16 14:56:47]   ✗ 中继启动失败
[14:56:47]   ✗ 中继启动失败
[2026-08-16 14:56:47] [!] 沙盒代理 (8081) 未响应
[14:56:47] [!] 沙盒代理 (8081) 未响应
[2026-08-16 14:57:17] [!] WebDAV 进程不存在，重启...
[14:57:17] [!] WebDAV 进程不存在，重启...
[2026-08-16 14:57:18]   ✗ WebDAV 启动失败
[14:57:18]   ✗ WebDAV 启动失败
[2026-08-16 14:57:18] [!] 中继进程不存在，重启...
[14:57:18] [!] 中继进程不存在，重启...
[2026-08-16 14:57:19]   ✗ 中继启动失败
[14:57:19]   ✗ 中继启动失败
[2026-08-16 14:57:20] [!] 沙盒代理 (8081) 未响应
[14:57:20] [!] 沙盒代理 (8081) 未响应
[2026-08-16 14:57:50] [!] WebDAV 进程不存在，重启...
[14:57:50] [!] WebDAV 进程不存在，重启...
[2026-08-16 14:57:51]   ✗ WebDAV 启动失败
[14:57:51]   ✗ WebDAV 启动失败
[2026-08-16 14:57:51] [!] 中继进程不存在，重启...
[14:57:51] [!] 中继进程不存在，重启...
[2026-08-16 14:57:52]   ✗ 中继启动失败
[14:57:52]   ✗ 中继启动失败
[2026-08-16 14:57:52] [!] 沙盒代理 (8081) 未响应
[14:57:52] [!] 沙盒代理 (8081) 未响应
[2026-08-16 14:58:22] [!] WebDAV 进程不存在，重启...
[14:58:22] [!] WebDAV 进程不存在，重启...
[2026-08-16 14:58:24]   ✗ WebDAV 启动失败
[14:58:24]   ✗ WebDAV 启动失败
[2026-08-16 14:58:24] [!] 中继进程不存在，重启...
[14:58:24] [!] 中继进程不存在，重启...
[2026-08-16 14:58:25]   ✗ 中继启动失败
[14:58:25]   ✗ 中继启动失败
[2026-08-16 14:58:25] [!] 沙盒代理 (8081) 未响应
[14:58:25] [!] 沙盒代理 (8081) 未响应
[2026-08-16 14:58:56] [!] WebDAV 进程不存在，重启...
[14:58:56] [!] WebDAV 进程不存在，重启...
[2026-08-16 14:58:57]   ✗ WebDAV 启动失败
[14:58:57]   ✗ WebDAV 启动失败
[2026-08-16 14:58:57] [!] 中继进程不存在，重启...
[14:58:57] [!] 中继进程不存在，重启...
[2026-08-16 14:58:59]   ✗ 中继启动失败
[14:58:59]   ✗ 中继启动失败
[2026-08-16 14:58:59] [!] 沙盒代理 (8081) 未响应
[14:58:59] [!] 沙盒代理 (8081) 未响应
[2026-08-16 14:59:29] [!] WebDAV 进程不存在，重启...
[14:59:29] [!] WebDAV 进程不存在，重启...
[2026-08-16 14:59:30]   ✗ WebDAV 启动失败
[14:59:30]   ✗ WebDAV 启动失败
[2026-08-16 14:59:30] [!] 中继进程不存在，重启...
[14:59:30] [!] 中继进程不存在，重启...
[2026-08-16 14:59:31]   ✗ 中继启动失败
[14:59:31]   ✗ 中继启动失败
[2026-08-16 14:59:31] [!] 沙盒代理 (8081) 未响应
[14:59:31] [!] 沙盒代理 (8081) 未响应
[2026-08-16 15:00:02] [!] WebDAV 进程不存在，重启...
[15:00:02] [!] WebDAV 进程不存在，重启...
[2026-08-16 15:00:03]   ✗ WebDAV 启动失败
[15:00:03]   ✗ WebDAV 启动失败
[2026-08-16 15:00:03] [!] 中继进程不存在，重启...
[15:00:03] [!] 中继进程不存在，重启...
[2026-08-16 15:00:04]   ✗ 中继启动失败
[15:00:04]   ✗ 中继启动失败
[2026-08-16 15:00:04] [!] 沙盒代理 (8081) 未响应
[15:00:04] [!] 沙盒代理 (8081) 未响应
[2026-08-16 15:00:34] [!] WebDAV 进程不存在，重启...
[15:00:34] [!] WebDAV 进程不存在，重启...
[2026-08-16 15:00:35]   ✗ WebDAV 启动失败
[15:00:35]   ✗ WebDAV 启动失败
[2026-08-16 15:00:36] [!] 中继进程不存在，重启...
[15:00:36] [!] 中继进程不存在，重启...
[2026-08-16 15:00:37]   ✗ 中继启动失败
[15:00:37]   ✗ 中继启动失败
[2026-08-16 15:00:37] [!] 沙盒代理 (8081) 未响应
[15:00:37] [!] 沙盒代理 (8081) 未响应
[2026-08-16 15:01:07] [!] WebDAV 进程不存在，重启...
[15:01:07] [!] WebDAV 进程不存在，重启...
[2026-08-16 15:01:08]   ✗ WebDAV 启动失败
[15:01:08]   ✗ WebDAV 启动失败
[2026-08-16 15:01:08] [!] 中继进程不存在，重启...
[15:01:08] [!] 中继进程不存在，重启...
[2026-08-16 15:01:09]   ✗ 中继启动失败
[15:01:09]   ✗ 中继启动失败
[2026-08-16 15:01:10] [!] 沙盒代理 (8081) 未响应
[15:01:10] [!] 沙盒代理 (8081) 未响应
[2026-08-16 15:01:40] [!] WebDAV 进程不存在，重启...
[15:01:40] [!] WebDAV 进程不存在，重启...
[2026-08-16 15:01:41]   ✗ WebDAV 启动失败
[15:01:41]   ✗ WebDAV 启动失败
[2026-08-16 15:01:41] [!] 中继进程不存在，重启...
[15:01:41] [!] 中继进程不存在，重启...
[2026-08-16 15:01:42]   ✗ 中继启动失败
[15:01:42]   ✗ 中继启动失败
[2026-08-16 15:01:42] [!] 沙盒代理 (8081) 未响应
[15:01:42] [!] 沙盒代理 (8081) 未响应
[2026-08-16 15:02:12] [!] WebDAV 进程不存在，重启...
[15:02:12] [!] WebDAV 进程不存在，重启...
[2026-08-16 15:02:14]   ✗ WebDAV 启动失败
[15:02:14]   ✗ WebDAV 启动失败
[2026-08-16 15:02:14] [!] 中继进程不存在，重启...
[15:02:14] [!] 中继进程不存在，重启...
[2026-08-16 15:02:15]   ✗ 中继启动失败
[15:02:15]   ✗ 中继启动失败
[2026-08-16 15:02:15] [!] 沙盒代理 (8081) 未响应
[15:02:15] [!] 沙盒代理 (8081) 未响应
[2026-08-16 15:02:45] [!] WebDAV 进程不存在，重启...
[15:02:45] [!] WebDAV 进程不存在，重启...
[2026-08-16 15:02:46]   ✗ WebDAV 启动失败
[15:02:46]   ✗ WebDAV 启动失败
[2026-08-16 15:02:46] [!] 中继进程不存在，重启...
[15:02:46] [!] 中继进程不存在，重启...
[2026-08-16 15:02:48]   ✗ 中继启动失败
[15:02:48]   ✗ 中继启动失败
[2026-08-16 15:02:48] [!] 沙盒代理 (8081) 未响应
[15:02:48] [!] 沙盒代理 (8081) 未响应
[2026-08-16 15:03:18] [!] WebDAV 进程不存在，重启...
[15:03:18] [!] WebDAV 进程不存在，重启...
[2026-08-16 15:03:19]   ✗ WebDAV 启动失败
[15:03:19]   ✗ WebDAV 启动失败
[2026-08-16 15:03:19] [!] 中继进程不存在，重启...
[15:03:19] [!] 中继进程不存在，重启...
[2026-08-16 15:03:20]   ✗ 中继启动失败
[15:03:20]   ✗ 中继启动失败
[2026-08-16 15:03:20] [!] 沙盒代理 (8081) 未响应
[15:03:20] [!] 沙盒代理 (8081) 未响应
[2026-08-16 15:03:51] [!] WebDAV 进程不存在，重启...
[15:03:51] [!] WebDAV 进程不存在，重启...
[2026-08-16 15:03:52]   ✓ WebDAV 启动 (PID: 25746)
[15:03:52]   ✓ WebDAV 启动 (PID: 25746)
[2026-08-16 15:03:52] [!] 中继进程不存在，重启...
[15:03:52] [!] 中继进程不存在，重启...
[2026-08-16 15:03:55]   ✓ 中继启动 (PID: 25782)
[15:03:55]   ✓ 中继启动 (PID: 25782)
[2026-08-16 15:06:04] 初始启动服务...
[2026-08-16 15:06:05]   ✓ WebDAV 启动 (PID: 26222)
[2026-08-16 15:06:08]   ✓ 中继启动 (PID: 26256)
[2026-08-16 15:06:08] ============================================
[15:06:08] ============================================
[2026-08-16 15:06:08]   XiaoMiaoOS 守护进程启动
[15:06:08]   XiaoMiaoOS 守护进程启动
[2026-08-16 15:06:08]   检查间隔: 30s (进程) / 300s (隧道)
[15:06:08]   检查间隔: 30s (进程) / 300s (隧道)
[2026-08-16 15:06:08] ============================================
[15:06:08] ============================================
[2026-08-16 15:08:30] 初始启动服务...
[2026-08-16 15:08:31]   ✓ WebDAV 启动 (PID: 27689)
[2026-08-16 15:08:34]   ✓ 中继启动 (PID: 27707)
[2026-08-16 15:08:35] ============================================
[15:08:35] ============================================
[2026-08-16 15:08:35]   XiaoMiaoOS 守护进程启动
[15:08:35]   XiaoMiaoOS 守护进程启动
[2026-08-16 15:08:35]   检查间隔: 30s (进程) / 300s (隧道)
[15:08:35]   检查间隔: 30s (进程) / 300s (隧道)
[2026-08-16 15:08:35] ============================================
[15:08:35] ============================================
[2026-08-16 15:14:07] 初始启动服务...
[2026-08-16 15:14:08]   ✓ WebDAV 启动 (PID: 28965)
[2026-08-16 15:14:11]   ✓ 中继启动 (PID: 28982)
[2026-08-16 15:14:11] ============================================
[15:14:11] ============================================
[2026-08-16 15:14:11]   XiaoMiaoOS 守护进程启动
[15:14:11]   XiaoMiaoOS 守护进程启动
[2026-08-16 15:14:11]   检查间隔: 30s (进程) / 300s (隧道)
[15:14:11]   检查间隔: 30s (进程) / 300s (隧道)
[2026-08-16 15:14:11] ============================================
[15:14:11] ============================================
[2026-08-16 15:31:34] 初始启动服务...
[2026-08-16 15:31:35]   ✓ WebDAV 启动 (PID: 32431)
[2026-08-16 15:31:38]   ✓ 中继启动 (PID: 32451)
[2026-08-16 15:31:38] ============================================
[15:31:38] ============================================
[2026-08-16 15:31:38]   XiaoMiaoOS 守护进程启动
[15:31:38]   XiaoMiaoOS 守护进程启动
[2026-08-16 15:31:38]   检查间隔: 30s (进程) / 300s (隧道)
[15:31:38]   检查间隔: 30s (进程) / 300s (隧道)
[2026-08-16 15:31:38] ============================================
[15:31:38] ============================================
[2026-08-16 15:32:39] [!] 中继进程不存在，重启...
[15:32:39] [!] 中继进程不存在，重启...
[2026-08-16 15:32:42]   ✓ 中继启动 (PID: 1070)
[15:32:42]   ✓ 中继启动 (PID: 1070)
[2026-08-16 15:38:45] 初始启动服务...
[2026-08-16 15:38:46]   ✓ WebDAV 启动 (PID: 4078)
[2026-08-16 15:38:50]   ✓ 中继启动 (PID: 4102)
[2026-08-16 15:38:50] ============================================
[15:38:50] ============================================
[2026-08-16 15:38:50]   XiaoMiaoOS 守护进程启动
[15:38:50]   XiaoMiaoOS 守护进程启动
[2026-08-16 15:38:50]   检查间隔: 30s (进程) / 300s (隧道)
[15:38:50]   检查间隔: 30s (进程) / 300s (隧道)
[2026-08-16 15:38:50] ============================================
[15:38:50] ============================================
[2026-08-16 15:40:30] 初始启动服务...
[2026-08-16 15:40:31]   ✓ WebDAV 启动 (PID: 5240)
[2026-08-16 15:40:34]   ✓ 中继启动 (PID: 5282)
[2026-08-16 15:40:34] ============================================
[15:40:34] ============================================
[2026-08-16 15:40:34]   XiaoMiaoOS 守护进程启动
[15:40:34]   XiaoMiaoOS 守护进程启动
[2026-08-16 15:40:34]   检查间隔: 30s (进程) / 300s (隧道)
[15:40:34]   检查间隔: 30s (进程) / 300s (隧道)
[2026-08-16 15:40:34] ============================================
[15:40:34] ============================================
[2026-08-16 18:52:24] [!] webhook.site 无响应
[2026-08-16 21:07:57] 初始启动服务...
[2026-08-16 21:07:58]   ✓ WebDAV 启动 (PID: 10117)
[2026-08-16 21:08:01]   ✓ 中继启动 (PID: 10134)
[2026-08-16 21:08:01] ============================================
[21:08:01] ============================================
[2026-08-16 21:08:01]   XiaoMiaoOS 守护进程启动
[21:08:01]   XiaoMiaoOS 守护进程启动
[2026-08-16 21:08:01]   检查间隔: 30s (进程) / 300s (隧道)
[21:08:01]   检查间隔: 30s (进程) / 300s (隧道)
[2026-08-16 21:08:01] ============================================
[21:08:01] ============================================
[2026-08-16 21:22:37] [!] webhook.site 无响应
[2026-08-17 00:19:18] [!] webhook.site 无响应
[2026-08-17 00:24:19] [!] webhook.site 无响应
[2026-08-17 00:29:21] [!] webhook.site 无响应
[2026-08-17 00:36:43] 初始启动服务...
[2026-08-17 00:36:44]   ✓ WebDAV 启动 (PID: 6030)
[2026-08-17 00:36:47]   ✓ 中继启动 (PID: 6051)
[2026-08-17 00:36:48] ============================================
[00:36:48] ============================================
[2026-08-17 00:36:48]   XiaoMiaoOS 守护进程启动
[00:36:48]   XiaoMiaoOS 守护进程启动
[2026-08-17 00:36:48]   检查间隔: 30s (进程) / 300s (隧道)
[00:36:48]   检查间隔: 30s (进程) / 300s (隧道)
[2026-08-17 00:36:48] ============================================
[00:36:48] ============================================
