启动 ZeroTermux 命令中继 v3.0 (后台)...
============================================
  ZeroTermux 命令中继 v3.0 (自愈版)
  端口: 8090
  发现: https://webhook.site/bb3c1755-edb4-4a38-9d58-58f65bb705af
============================================
[OK] HTTP 服务器就绪: 0.0.0.0:8090
[OK] HTTP 服务器 PID: 31819
[*] 开始监控沙盒...
✓ 守护已启动 (PID: 31816)
  端口: 8090
  发现: https://webhook.site/bb3c1755-edb4-4a38-9d58-58f65bb705af
  日志: /data/data/com.termux/files/home/xiaomiao-release/relay.log
  停止: bash relay_server.sh stop
  状态: bash relay_server.sh status
[12:55:44] 沙盒在线
[12:56:02] 沙盒离线，等待重连...
[12:57:29] 沙盒离线，等待重连...
[12:57:46] 沙盒离线，等待重连...
启动 ZeroTermux 命令中继 v3.0 (后台)...
============================================
  ZeroTermux 命令中继 v3.0 (自愈版)
  端口: 8090
  发现: https://webhook.site/bb3c1755-edb4-4a38-9d58-58f65bb705af
============================================
[OK] HTTP 服务器就绪: 0.0.0.0:8090
[OK] HTTP 服务器 PID: 1743
[*] 开始监控沙盒...
✓ 守护已启动 (PID: 1736)
  端口: 8090
  发现: https://webhook.site/bb3c1755-edb4-4a38-9d58-58f65bb705af
  日志: /data/data/com.termux/files/home/xiaomiao-release/relay.log
  停止: bash relay_server.sh stop
  状态: bash relay_server.sh status
启动 ZeroTermux 命令中继 v3.0 (后台)...
============================================
  ZeroTermux 命令中继 v3.0 (自愈版)
  端口: 8090
  发现: https://webhook.site/bb3c1755-edb4-4a38-9d58-58f65bb705af
============================================
[OK] HTTP 服务器就绪: 0.0.0.0:8090
[OK] HTTP 服务器 PID: 6495
[*] 开始监控沙盒...
✓ 守护已启动 (PID: 6491)
  端口: 8090
  发现: https://webhook.site/bb3c1755-edb4-4a38-9d58-58f65bb705af
  日志: /data/data/com.termux/files/home/xiaomiao-release/relay.log
  停止: bash relay_server.sh stop
  状态: bash relay_server.sh status
[13:15:46] 停止
[*] 服务已停止
启动 ZeroTermux 命令中继 v3.0 (后台)...
============================================
  ZeroTermux 命令中继 v3.0 (自愈版)
  端口: 8090
  发现: https://webhook.site/bb3c1755-edb4-4a38-9d58-58f65bb705af
============================================
[OK] HTTP 服务器就绪: 0.0.0.0:8090
[OK] HTTP 服务器 PID: 7866
[*] 开始监控沙盒...
✓ 守护已启动 (PID: 7861)
  端口: 8090
  发现: https://webhook.site/bb3c1755-edb4-4a38-9d58-58f65bb705af
  日志: /data/data/com.termux/files/home/xiaomiao-release/relay.log
  停止: bash relay_server.sh stop
  状态: bash relay_server.sh status
[13:18:39] 停止
[*] 服务已停止
启动 ZeroTermux 命令中继 v3.0 (后台)...
============================================
  ZeroTermux 命令中继 v3.0 (自愈版)
  端口: 8090
  发现: https://webhook.site/bb3c1755-edb4-4a38-9d58-58f65bb705af
============================================
[OK] HTTP 服务器就绪: 0.0.0.0:8090
[OK] HTTP 服务器 PID: 8602
[*] 开始监控沙盒...
✓ 守护已启动 (PID: 8598)
  端口: 8090
  发现: https://webhook.site/bb3c1755-edb4-4a38-9d58-58f65bb705af
  日志: /data/data/com.termux/files/home/xiaomiao-release/relay.log
  停止: bash relay_server.sh stop
  状态: bash relay_server.sh status
[13:24:44] 停止
[*] 服务已停止
启动 ZeroTermux 命令中继 v3.0 (后台)...
============================================
  ZeroTermux 命令中继 v3.0 (自愈版)
  端口: 8090
  发现: https://webhook.site/c61b1703-3603-42c5-abae-c371a0ddd8de
============================================
[OK] HTTP 服务器就绪: 0.0.0.0:8090
[OK] HTTP 服务器 PID: 9868
[*] 开始监控沙盒...
✓ 守护已启动 (PID: 9864)
  端口: 8090
  发现: https://webhook.site/c61b1703-3603-42c5-abae-c371a0ddd8de
  日志: /data/data/com.termux/files/home/xiaomiao-release/relay.log
  停止: bash relay_server.sh stop
  状态: bash relay_server.sh status
[13:57:58] 沙盒在线
[13:57:59] 中继地址: https://d9ce81455b0723.lhr.life
启动 ZeroTermux 命令中继 v3.0 (后台)...
============================================
  ZeroTermux 命令中继 v3.0 (自愈版)
  端口: 8090
  发现: https://webhook.site/c61b1703-3603-42c5-abae-c371a0ddd8de
============================================
[OK] HTTP 服务器就绪: 0.0.0.0:8090
[OK] HTTP 服务器 PID: 11295
[*] 开始监控沙盒...
[13:58:10] 沙盒在线
[13:58:11] 中继地址: https://d9ce81455b0723.lhr.life
✓ 守护已启动 (PID: 11291)
  端口: 8090
  发现: https://webhook.site/c61b1703-3603-42c5-abae-c371a0ddd8de
  日志: /data/data/com.termux/files/home/xiaomiao-release/relay.log
  停止: bash relay_server.sh stop
  状态: bash relay_server.sh status
启动 ZeroTermux 命令中继 v3.0 (后台)...
============================================
  ZeroTermux 命令中继 v3.0 (自愈版)
  端口: 8090
  发现: https://webhook.site/c61b1703-3603-42c5-abae-c371a0ddd8de
============================================
[OK] HTTP 服务器就绪: 0.0.0.0:8090
[OK] HTTP 服务器 PID: 12413
[*] 开始监控沙盒...
[14:02:00] 沙盒在线
[14:02:00] 中继地址: https://d9ce81455b0723.lhr.life
✓ 守护已启动 (PID: 12407)
  端口: 8090
  发现: https://webhook.site/c61b1703-3603-42c5-abae-c371a0ddd8de
  日志: /data/data/com.termux/files/home/xiaomiao-release/relay.log
  停止: bash relay_server.sh stop
  状态: bash relay_server.sh status
启动 ZeroTermux 命令中继 v3.0 (后台)...
============================================
  ZeroTermux 命令中继 v3.0 (自愈版)
  端口: 8090
  发现: https://webhook.site/c61b1703-3603-42c5-abae-c371a0ddd8de
============================================
[OK] HTTP 服务器就绪: 0.0.0.0:8090
[OK] HTTP 服务器 PID: 12697
[*] 开始监控沙盒...
[14:02:50] 沙盒在线
[14:02:50] 中继地址: https://2f24effd34f067.lhr.life
✓ 守护已启动 (PID: 12687)
  端口: 8090
  发现: https://webhook.site/c61b1703-3603-42c5-abae-c371a0ddd8de
  日志: /data/data/com.termux/files/home/xiaomiao-release/relay.log
  停止: bash relay_server.sh stop
  状态: bash relay_server.sh status
启动 ZeroTermux 命令中继 v3.0 (后台)...
============================================
  ZeroTermux 命令中继 v3.0 (自愈版)
  端口: 8090
  发现: https://webhook.site/c61b1703-3603-42c5-abae-c371a0ddd8de
============================================
[OK] HTTP 服务器就绪: 0.0.0.0:8090
[OK] HTTP 服务器 PID: 12939
[*] 开始监控沙盒...
[14:03:10] 沙盒在线
[14:03:10] 中继地址: https://2f24effd34f067.lhr.life
✓ 守护已启动 (PID: 12933)
  端口: 8090
  发现: https://webhook.site/c61b1703-3603-42c5-abae-c371a0ddd8de
  日志: /data/data/com.termux/files/home/xiaomiao-release/relay.log
  停止: bash relay_server.sh stop
  状态: bash relay_server.sh status
启动 ZeroTermux 命令中继 v3.0 (后台)...
============================================
  ZeroTermux 命令中继 v3.0 (自愈版)
  端口: 8090
  发现: https://webhook.site/c61b1703-3603-42c5-abae-c371a0ddd8de
============================================
[OK] HTTP 服务器就绪: 0.0.0.0:8090
[OK] HTTP 服务器 PID: 19154
[*] 开始监控沙盒...
[14:33:52] 沙盒在线
[14:33:52] 中继地址: https://cc15fdd72e4f0c.lhr.life
✓ 守护已启动 (PID: 19151)
  端口: 8090
  发现: https://webhook.site/c61b1703-3603-42c5-abae-c371a0ddd8de
  日志: /data/data/com.termux/files/home/xiaomiao-release/relay.log
  停止: bash relay_server.sh stop
  状态: bash relay_server.sh status
启动 ZeroTermux 命令中继 v3.0 (后台)...
============================================
  ZeroTermux 命令中继 v3.0 (自愈版)
  端口: 8090
  发现: https://webhook.site/c61b1703-3603-42c5-abae-c371a0ddd8de
============================================
[OK] HTTP 服务器就绪: 0.0.0.0:8090
[OK] HTTP 服务器 PID: 21032
[*] 开始监控沙盒...
[14:43:02] 沙盒在线
[14:43:02] 中继地址: https://cc15fdd72e4f0c.lhr.life
✓ 守护已启动 (PID: 21029)
  端口: 8090
  发现: https://webhook.site/c61b1703-3603-42c5-abae-c371a0ddd8de
  日志: /data/data/com.termux/files/home/xiaomiao-release/relay.log
  停止: bash relay_server.sh stop
  状态: bash relay_server.sh status
[14:47:49] 沙盒离线，等待重连...
relay_server.sh: line 1: syntax error near unexpected token `('
relay_server.sh: line 1: `<h1>no tunnel here :(</h1>'
relay_server.sh: line 1: syntax error near unexpected token `('
relay_server.sh: line 1: `<h1>no tunnel here :(</h1>'
relay_server.sh: line 1: syntax error near unexpected token `('
relay_server.sh: line 1: `<h1>no tunnel here :(</h1>'
relay_server.sh: line 1: syntax error near unexpected token `('
relay_server.sh: line 1: `<h1>no tunnel here :(</h1>'
relay_server.sh: line 1: syntax error near unexpected token `('
relay_server.sh: line 1: `<h1>no tunnel here :(</h1>'
relay_server.sh: line 1: syntax error near unexpected token `('
relay_server.sh: line 1: `<h1>no tunnel here :(</h1>'
relay_server.sh: line 1: syntax error near unexpected token `('
relay_server.sh: line 1: `<h1>no tunnel here :(</h1>'
relay_server.sh: line 1: syntax error near unexpected token `('
relay_server.sh: line 1: `<h1>no tunnel here :(</h1>'
relay_server.sh: line 1: syntax error near unexpected token `('
relay_server.sh: line 1: `<h1>no tunnel here :(</h1>'
relay_server.sh: line 1: syntax error near unexpected token `('
relay_server.sh: line 1: `<h1>no tunnel here :(</h1>'
relay_server.sh: line 1: syntax error near unexpected token `('
relay_server.sh: line 1: `<h1>no tunnel here :(</h1>'
relay_server.sh: line 1: syntax error near unexpected token `('
relay_server.sh: line 1: `<h1>no tunnel here :(</h1>'
relay_server.sh: line 1: syntax error near unexpected token `('
relay_server.sh: line 1: `<h1>no tunnel here :(</h1>'
relay_server.sh: line 1: syntax error near unexpected token `('
relay_server.sh: line 1: `<h1>no tunnel here :(</h1>'
relay_server.sh: line 1: syntax error near unexpected token `('
relay_server.sh: line 1: `<h1>no tunnel here :(</h1>'
relay_server.sh: line 1: syntax error near unexpected token `('
relay_server.sh: line 1: `<h1>no tunnel here :(</h1>'
relay_server.sh: line 1: syntax error near unexpected token `('
relay_server.sh: line 1: `<h1>no tunnel here :(</h1>'
relay_server.sh: line 1: syntax error near unexpected token `('
relay_server.sh: line 1: `<h1>no tunnel here :(</h1>'
relay_server.sh: line 1: syntax error near unexpected token `('
relay_server.sh: line 1: `<h1>no tunnel here :(</h1>'
启动 ZeroTermux 命令中继 v3.0 (后台)...
============================================
  ZeroTermux 命令中继 v3.0 (自愈版)
  端口: 8090
  发现: https://webhook.site/c61b1703-3603-42c5-abae-c371a0ddd8de
============================================
[OK] HTTP 服务器就绪: 0.0.0.0:8090
[OK] HTTP 服务器 PID: 25785
[*] 开始监控沙盒...
✓ 守护已启动 (PID: 25782)
  端口: 8090
  发现: https://webhook.site/c61b1703-3603-42c5-abae-c371a0ddd8de
  日志: /data/data/com.termux/files/home/xiaomiao-release/relay.log
  停止: bash relay_server.sh stop
  状态: bash relay_server.sh status
启动 ZeroTermux 命令中继 v3.0 (后台)...
============================================
  ZeroTermux 命令中继 v3.0 (自愈版)
  端口: 8090
  发现: https://webhook.site/c61b1703-3603-42c5-abae-c371a0ddd8de
============================================
[OK] HTTP 服务器就绪: 0.0.0.0:8090
[OK] HTTP 服务器 PID: 26260
[*] 开始监控沙盒...
✓ 守护已启动 (PID: 26256)
  端口: 8090
  发现: https://webhook.site/c61b1703-3603-42c5-abae-c371a0ddd8de
  日志: /data/data/com.termux/files/home/xiaomiao-release/relay.log
  停止: bash relay_server.sh stop
  状态: bash relay_server.sh status
启动 ZeroTermux 命令中继 v3.0 (后台)...
============================================
  ZeroTermux 命令中继 v3.0 (自愈版)
  端口: 8090
  发现: https://webhook.site/c61b1703-3603-42c5-abae-c371a0ddd8de
============================================
[OK] HTTP 服务器就绪: 0.0.0.0:8090
[OK] HTTP 服务器 PID: 27710
[*] 开始监控沙盒...
✓ 守护已启动 (PID: 27707)
  端口: 8090
  发现: https://webhook.site/c61b1703-3603-42c5-abae-c371a0ddd8de
  日志: /data/data/com.termux/files/home/xiaomiao-release/relay.log
  停止: bash relay_server.sh stop
  状态: bash relay_server.sh status
启动 ZeroTermux 命令中继 v3.0 (后台)...
============================================
  ZeroTermux 命令中继 v3.0 (自愈版)
  端口: 8090
  发现: https://webhook.site/c61b1703-3603-42c5-abae-c371a0ddd8de
============================================
[OK] HTTP 服务器就绪: 0.0.0.0:8090
[OK] HTTP 服务器 PID: 28985
[*] 开始监控沙盒...
✓ 守护已启动 (PID: 28982)
  端口: 8090
  发现: https://webhook.site/c61b1703-3603-42c5-abae-c371a0ddd8de
  日志: /data/data/com.termux/files/home/xiaomiao-release/relay.log
  停止: bash relay_server.sh stop
  状态: bash relay_server.sh status
启动 ZeroTermux 命令中继 v3.0 (后台)...
============================================
  ZeroTermux 命令中继 v3.0 (自愈版)
  端口: 8090
  发现: https://webhook.site/c61b1703-3603-42c5-abae-c371a0ddd8de
============================================
[OK] HTTP 服务器就绪: 0.0.0.0:8090
[OK] HTTP 服务器 PID: 32454
[*] 开始监控沙盒...
✓ 守护已启动 (PID: 32451)
  端口: 8090
  发现: https://webhook.site/c61b1703-3603-42c5-abae-c371a0ddd8de
  日志: /data/data/com.termux/files/home/xiaomiao-release/relay.log
  停止: bash relay_server.sh stop
  状态: bash relay_server.sh status
启动 ZeroTermux 命令中继 v3.0 (后台)...
============================================
  ZeroTermux 命令中继 v3.0 (自愈版)
  端口: 8090
  发现: https://webhook.site/c61b1703-3603-42c5-abae-c371a0ddd8de
============================================
[OK] HTTP 服务器就绪: 0.0.0.0:8090
[OK] HTTP 服务器 PID: 1077
[*] 开始监控沙盒...
✓ 守护已启动 (PID: 1070)
  端口: 8090
  发现: https://webhook.site/c61b1703-3603-42c5-abae-c371a0ddd8de
  日志: /data/data/com.termux/files/home/xiaomiao-release/relay.log
  停止: bash relay_server.sh stop
  状态: bash relay_server.sh status
启动 ZeroTermux 命令中继 v3.0 (后台)...
============================================
  ZeroTermux 命令中继 v3.0 (自愈版)
  端口: 8090
  发现: https://webhook.site/c61b1703-3603-42c5-abae-c371a0ddd8de
============================================
[OK] HTTP 服务器就绪: 0.0.0.0:8090
[OK] HTTP 服务器 PID: 4106
[*] 开始监控沙盒...
✓ 守护已启动 (PID: 4102)
  端口: 8090
  发现: https://webhook.site/c61b1703-3603-42c5-abae-c371a0ddd8de
  日志: /data/data/com.termux/files/home/xiaomiao-release/relay.log
  停止: bash relay_server.sh stop
  状态: bash relay_server.sh status
启动 ZeroTermux 命令中继 v3.0 (后台)...
============================================
  ZeroTermux 命令中继 v3.0 (自愈版)
  端口: 8090
  发现: https://webhook.site/c61b1703-3603-42c5-abae-c371a0ddd8de
============================================
[OK] HTTP 服务器就绪: 0.0.0.0:8090
[OK] HTTP 服务器 PID: 5285
[*] 开始监控沙盒...
✓ 守护已启动 (PID: 5282)
  端口: 8090
  发现: https://webhook.site/c61b1703-3603-42c5-abae-c371a0ddd8de
  日志: /data/data/com.termux/files/home/xiaomiao-release/relay.log
  停止: bash relay_server.sh stop
  状态: bash relay_server.sh status
启动 ZeroTermux 命令中继 v3.0 (后台)...
============================================
  ZeroTermux 命令中继 v3.0 (自愈版)
  端口: 8090
  发现: https://webhook.site/c61b1703-3603-42c5-abae-c371a0ddd8de
============================================
[OK] HTTP 服务器就绪: 0.0.0.0:8090
[OK] HTTP 服务器 PID: 10138
[*] 开始监控沙盒...
✓ 守护已启动 (PID: 10134)
  端口: 8090
  发现: https://webhook.site/c61b1703-3603-42c5-abae-c371a0ddd8de
  日志: /data/data/com.termux/files/home/xiaomiao-release/relay.log
  停止: bash relay_server.sh stop
  状态: bash relay_server.sh status
启动 ZeroTermux 命令中继 v3.0 (后台)...
============================================
  ZeroTermux 命令中继 v3.0 (自愈版)
  端口: 8090
  发现: https://webhook.site/c61b1703-3603-42c5-abae-c371a0ddd8de
============================================
[OK] HTTP 服务器就绪: 0.0.0.0:8090
[OK] HTTP 服务器 PID: 6054
[*] 开始监控沙盒...
✓ 守护已启动 (PID: 6051)
  端口: 8090
  发现: https://webhook.site/c61b1703-3603-42c5-abae-c371a0ddd8de
  日志: /data/data/com.termux/files/home/xiaomiao-release/relay.log
  停止: bash relay_server.sh stop
  状态: bash relay_server.sh status
