nohup: ignoring input
nohup: ignoring input
nohup: ignoring input
nohup: ignoring input
nohup: ignoring input
==================================================
  XiaoMiaoOS-WebDAV/4.0
==================================================
  WebDAV:     http://192.168.31.218:8080/
  沙盒代理:   http://192.168.31.218:8081/ (MT管理器填这个)
  版本清单:   http://192.168.31.218:8080/version.json
  固件目录:   http://192.168.31.218:8080/firmware/
  命令桥接:   http://192.168.31.218:8080/cmd
==================================================

MT管理器:
  本地文件: http://192.168.31.218:8080/
  沙盒文件: http://192.168.31.218:8081/
  用户名/密码: 留空

ESP32 更新:
  http://192.168.31.218:8080/version.json

TRAE 发命令:
  curl -X POST http://192.168.31.218:8080/cmd -d "whoami"

  [PROXY] 端口 8081 已被占用，跳过
  [CACHE] 缓存更新线程启动 (间隔 45s)
Traceback (most recent call last):
  File "/data/data/com.termux/files/home/xiaomiao-release/webdav_server.py", line 696, in <module>
    main()
    ~~~~^^
  File "/data/data/com.termux/files/home/xiaomiao-release/webdav_server.py", line 684, in main
    server = StableHTTPServer(('0.0.0.0', port), WebDAVHandler)
  File "/data/data/com.termux/files/usr/lib/python3.14/socketserver.py", line 457, in __init__
    self.server_bind()
    ~~~~~~~~~~~~~~~~^^
  File "/data/data/com.termux/files/usr/lib/python3.14/http/server.py", line 148, in server_bind
    socketserver.TCPServer.server_bind(self)
    ~~~~~~~~~~~~~~~~~~~~~~~~~~~~~~~~~~^^^^^^
  File "/data/data/com.termux/files/usr/lib/python3.14/socketserver.py", line 478, in server_bind
    self.socket.bind(self.server_address)
    ~~~~~~~~~~~~~~~~^^^^^^^^^^^^^^^^^^^^^
OSError: [Errno 98] Address already in use
  File "/data/data/com.termux/files/home/xiaomiao-release/webdav_server.py", line 1
    <h1>no tunnel here :(</h1>
    ^
SyntaxError: invalid syntax
  File "/data/data/com.termux/files/home/xiaomiao-release/webdav_server.py", line 1
    <h1>no tunnel here :(</h1>
    ^
SyntaxError: invalid syntax
  File "/data/data/com.termux/files/home/xiaomiao-release/webdav_server.py", line 1
    <h1>no tunnel here :(</h1>
    ^
SyntaxError: invalid syntax
  File "/data/data/com.termux/files/home/xiaomiao-release/webdav_server.py", line 1
    <h1>no tunnel here :(</h1>
    ^
SyntaxError: invalid syntax
  File "/data/data/com.termux/files/home/xiaomiao-release/webdav_server.py", line 1
    <h1>no tunnel here :(</h1>
    ^
SyntaxError: invalid syntax
  File "/data/data/com.termux/files/home/xiaomiao-release/webdav_server.py", line 1
    <h1>no tunnel here :(</h1>
    ^
SyntaxError: invalid syntax
  File "/data/data/com.termux/files/home/xiaomiao-release/webdav_server.py", line 1
    <h1>no tunnel here :(</h1>
    ^
SyntaxError: invalid syntax
  File "/data/data/com.termux/files/home/xiaomiao-release/webdav_server.py", line 1
    <h1>no tunnel here :(</h1>
    ^
SyntaxError: invalid syntax
  File "/data/data/com.termux/files/home/xiaomiao-release/webdav_server.py", line 1
    <h1>no tunnel here :(</h1>
    ^
SyntaxError: invalid syntax
  File "/data/data/com.termux/files/home/xiaomiao-release/webdav_server.py", line 1
    <h1>no tunnel here :(</h1>
    ^
SyntaxError: invalid syntax
  File "/data/data/com.termux/files/home/xiaomiao-release/webdav_server.py", line 1
    <h1>no tunnel here :(</h1>
    ^
SyntaxError: invalid syntax
  File "/data/data/com.termux/files/home/xiaomiao-release/webdav_server.py", line 1
    <h1>no tunnel here :(</h1>
    ^
SyntaxError: invalid syntax
  File "/data/data/com.termux/files/home/xiaomiao-release/webdav_server.py", line 1
    <h1>no tunnel here :(</h1>
    ^
SyntaxError: invalid syntax
  File "/data/data/com.termux/files/home/xiaomiao-release/webdav_server.py", line 1
    <h1>no tunnel here :(</h1>
    ^
SyntaxError: invalid syntax
  File "/data/data/com.termux/files/home/xiaomiao-release/webdav_server.py", line 1
    <h1>no tunnel here :(</h1>
    ^
SyntaxError: invalid syntax
  File "/data/data/com.termux/files/home/xiaomiao-release/webdav_server.py", line 1
    <h1>no tunnel here :(</h1>
    ^
SyntaxError: invalid syntax
  File "/data/data/com.termux/files/home/xiaomiao-release/webdav_server.py", line 1
    <h1>no tunnel here :(</h1>
    ^
SyntaxError: invalid syntax
  File "/data/data/com.termux/files/home/xiaomiao-release/webdav_server.py", line 1
    <h1>no tunnel here :(</h1>
    ^
SyntaxError: invalid syntax
  File "/data/data/com.termux/files/home/xiaomiao-release/webdav_server.py", line 1
    <h1>no tunnel here :(</h1>
    ^
SyntaxError: invalid syntax
  File "/data/data/com.termux/files/home/xiaomiao-release/webdav_server.py", line 1
    <h1>no tunnel here :(</h1>
    ^
SyntaxError: invalid syntax
  File "/data/data/com.termux/files/home/xiaomiao-release/webdav_server.py", line 1
    <h1>no tunnel here :(</h1>
    ^
SyntaxError: invalid syntax
  File "/data/data/com.termux/files/home/xiaomiao-release/webdav_server.py", line 1
    <h1>no tunnel here :(</h1>
    ^
SyntaxError: invalid syntax
  File "/data/data/com.termux/files/home/xiaomiao-release/webdav_server.py", line 1
    <h1>no tunnel here :(</h1>
    ^
SyntaxError: invalid syntax
  File "/data/data/com.termux/files/home/xiaomiao-release/webdav_server.py", line 1
    <h1>no tunnel here :(</h1>
    ^
SyntaxError: invalid syntax
  File "/data/data/com.termux/files/home/xiaomiao-release/webdav_server.py", line 1
    <h1>no tunnel here :(</h1>
    ^
SyntaxError: invalid syntax
  File "/data/data/com.termux/files/home/xiaomiao-release/webdav_server.py", line 1
    <h1>no tunnel here :(</h1>
    ^
SyntaxError: invalid syntax
  File "/data/data/com.termux/files/home/xiaomiao-release/webdav_server.py", line 1
    <h1>no tunnel here :(</h1>
    ^
SyntaxError: invalid syntax
  File "/data/data/com.termux/files/home/xiaomiao-release/webdav_server.py", line 1
    <h1>no tunnel here :(</h1>
    ^
SyntaxError: invalid syntax
  File "/data/data/com.termux/files/home/xiaomiao-release/webdav_server.py", line 1
    <h1>no tunnel here :(</h1>
    ^
SyntaxError: invalid syntax
  File "/data/data/com.termux/files/home/xiaomiao-release/webdav_server.py", line 1
    <h1>no tunnel here :(</h1>
    ^
SyntaxError: invalid syntax
  File "/data/data/com.termux/files/home/xiaomiao-release/webdav_server.py", line 1
    <h1>no tunnel here :(</h1>
    ^
SyntaxError: invalid syntax
  File "/data/data/com.termux/files/home/xiaomiao-release/webdav_server.py", line 1
    <h1>no tunnel here :(</h1>
    ^
SyntaxError: invalid syntax
  File "/data/data/com.termux/files/home/xiaomiao-release/webdav_server.py", line 1
    <h1>no tunnel here :(</h1>
    ^
SyntaxError: invalid syntax
  File "/data/data/com.termux/files/home/xiaomiao-release/webdav_server.py", line 1
    <h1>no tunnel here :(</h1>
    ^
SyntaxError: invalid syntax
